// Jest Snapshot v1, https://goo.gl/fbAQLP

exports[`render correctly container component 1`] = `
<div
  className="css-fm9nlt"
>
  <testComponent />
</div>
`;
